export const snapshot = {};

snapshot[`favicon plugin 1`] = `
{
  formats: [
    {
      engines: 1,
      ext: ".tmpl.ts",
      pageLoader: [AsyncFunction: module],
    },
    {
      engines: 1,
      ext: ".tmpl.js",
      pageLoader: [AsyncFunction: module],
    },
    {
      engines: undefined,
      ext: ".tmpl.jsonc",
      pageLoader: [AsyncFunction: json],
    },
    {
      engines: undefined,
      ext: ".tmpl.json",
      pageLoader: [AsyncFunction: json],
    },
    {
      dataLoader: [AsyncFunction: json],
      engines: undefined,
      ext: ".json",
    },
    {
      dataLoader: [AsyncFunction: json],
      engines: undefined,
      ext: ".jsonc",
    },
    {
      engines: 1,
      ext: ".md",
      pageLoader: [AsyncFunction: text],
    },
    {
      engines: 1,
      ext: ".markdown",
      pageLoader: [AsyncFunction: text],
    },
    {
      componentLoader: [AsyncFunction: module],
      dataLoader: [AsyncFunction: module],
      engines: 1,
      ext: ".js",
    },
    {
      componentLoader: [AsyncFunction: module],
      dataLoader: [AsyncFunction: module],
      engines: 1,
      ext: ".ts",
    },
    {
      componentLoader: [AsyncFunction: text],
      engines: 1,
      ext: ".njk",
      includesPath: "_includes",
      pageLoader: [AsyncFunction: text],
    },
    {
      dataLoader: [AsyncFunction: yaml],
      engines: undefined,
      ext: ".yaml",
      pageLoader: [AsyncFunction: yaml],
    },
    {
      dataLoader: [AsyncFunction: yaml],
      engines: undefined,
      ext: ".yml",
      pageLoader: [AsyncFunction: yaml],
    },
    {
      asset: true,
      engines: undefined,
      ext: ".svg",
      pageLoader: [AsyncFunction: text],
    },
  ],
  src: [
    "/",
    "/favicon.svg",
    "/index.njk",
  ],
}
`;

snapshot[`favicon plugin 2`] = `[]`;

snapshot[`favicon plugin 3`] = `
[
  {
    content: "Uint8Array(2172)",
    data: {
      content: "Uint8Array(2172)",
      page: [
        "src",
        "data",
      ],
      url: "/apple-touch-icon.png",
    },
    src: {
      asset: true,
      ext: undefined,
      path: "",
      remote: undefined,
      slug: "apple-touch-icon",
    },
  },
  {
    content: "Uint8Array(4286)",
    data: {
      content: "Uint8Array(4286)",
      page: [
        "src",
        "data",
      ],
      url: "/favicon.ico",
    },
    src: {
      asset: true,
      ext: undefined,
      path: "",
      remote: undefined,
      slug: "favicon",
    },
  },
  {
    content: '<svg xmlns="http://www.w3.org/2000/svg" width="64" height="64" fill="none"><g fill="#000" clip-path="url(#a)"><path d="M32 31.998v28L7.486 46.013V17.997l24.514 14" opacity=".2"/><path fill-rule="evenodd" d="m60 15.969-28-16-28 16V48.03l28 16 28-16V15.969Zm-3.5 2.03-12.252-7h.002L32 18l-12.25-7 .003-.001L7.5 17.999v14l12.25 7v14L32 60V32l24.5-14m0 28-12.25 7V39l12.25-7v14" clip-rule="evenodd"/></g><defs><clipPath id="a"><path fill="#fff" d="M0 0h64v64H0z"/></clipPath></defs></svg>',
    data: {
      content: '<svg width="64" height="64" viewBox="0 0 64 64" fill="none" xmlns="http://www.w3.org/2000/svg">
<g clip-path="url(#clip0_84_667)">
<path opacity="0.2" d="M31.9999 31.9975V59.9982L7.48613 46.0132L7.48584 17.9971L31.9999 31.9975Z" fill="black"/>
<path fill-rule="evenodd" clip-rule="evenodd" d="M60 15.9687L31.9999 -0.03125L4 15.9688V48.031L31.9999 64.031L60 48.031V15.9687ZM56.5 17.9994L44.2477 10.9981L44.25 10.9997L32 17.9997L19.75 10.9997L19.7528 10.9978L7.5 17.9994V31.9997L19.75 38.9997V52.9994L32 59.9994V31.9997L56.5 17.9994ZM56.5 45.9994L44.25 52.9994V38.9997L56.5 31.9997V45.9994Z" fill="black"/>
</g>
<defs>
<clipPath id="clip0_84_667">
<rect width="64" height="64" fill="white"/>
</clipPath>
</defs>
</svg>
',
      date: [],
      mergedKeys: [
        "tags",
      ],
      page: [
        "src",
        "data",
      ],
      paginate: "paginate",
      search: [],
      tags: "Array(0)",
      url: "/favicon.svg",
    },
    src: {
      asset: true,
      ext: ".svg",
      path: "/favicon",
      remote: undefined,
      slug: "favicon",
    },
  },
  {
    content: '<!DOCTYPE html>
<html><head>
    <title>Hello world</title>
  <link rel="icon" href="/favicon.svg" type="image/svg+xml">
<link rel="icon" sizes="32x32" href="/favicon.ico">
<link rel="apple-touch-icon" sizes="180x180" href="/apple-touch-icon.png">
</head>
  <body>
  
</body></html>',
    data: {
      children: "<html>
  <head>
    <title>Hello world</title>
  </head>
  <body>
  </body>
</html>",
      content: "<html>
  <head>
    <title>{{ title }}</title>
  </head>
  <body>
  </body>
</html>",
      date: [],
      mergedKeys: [
        "tags",
      ],
      page: [
        "src",
        "data",
      ],
      paginate: "paginate",
      search: [],
      tags: "Array(0)",
      title: "Hello world",
      url: "/",
    },
    src: {
      asset: undefined,
      ext: ".njk",
      path: "/index",
      remote: undefined,
      slug: "index",
    },
  },
]
`;
