export const snapshot = {};

snapshot[`Build a mdx site 1`] = `
{
  formats: [
    {
      engines: 1,
      ext: ".tmpl.ts",
      pageLoader: [AsyncFunction: module],
    },
    {
      engines: 1,
      ext: ".tmpl.js",
      pageLoader: [AsyncFunction: module],
    },
    {
      engines: undefined,
      ext: ".tmpl.jsonc",
      pageLoader: [AsyncFunction: json],
    },
    {
      engines: undefined,
      ext: ".tmpl.json",
      pageLoader: [AsyncFunction: json],
    },
    {
      dataLoader: [AsyncFunction: json],
      engines: undefined,
      ext: ".json",
    },
    {
      dataLoader: [AsyncFunction: json],
      engines: undefined,
      ext: ".jsonc",
    },
    {
      engines: 1,
      ext: ".md",
      pageLoader: [AsyncFunction: text],
    },
    {
      engines: 1,
      ext: ".markdown",
      pageLoader: [AsyncFunction: text],
    },
    {
      componentLoader: [AsyncFunction: module],
      dataLoader: [AsyncFunction: module],
      engines: 1,
      ext: ".js",
    },
    {
      componentLoader: [AsyncFunction: module],
      dataLoader: [AsyncFunction: module],
      engines: 1,
      ext: ".ts",
    },
    {
      componentLoader: [AsyncFunction: text],
      engines: 1,
      ext: ".njk",
      includesPath: "_includes",
      pageLoader: [AsyncFunction: text],
    },
    {
      dataLoader: [AsyncFunction: yaml],
      engines: undefined,
      ext: ".yaml",
      pageLoader: [AsyncFunction: yaml],
    },
    {
      dataLoader: [AsyncFunction: yaml],
      engines: undefined,
      ext: ".yml",
      pageLoader: [AsyncFunction: yaml],
    },
    {
      componentLoader: [AsyncFunction: module],
      engines: 1,
      ext: ".jsx",
      pageLoader: [AsyncFunction: module],
    },
    {
      componentLoader: [AsyncFunction: module],
      engines: 1,
      ext: ".tsx",
      pageLoader: [AsyncFunction: module],
    },
    {
      engines: 1,
      ext: ".mdx",
      pageLoader: [AsyncFunction: text],
    },
  ],
  src: [
    "/",
    "/_components",
    "/_components/Header.jsx",
    "/_includes",
    "/_includes/Image.tsx",
    "/index.mdx",
  ],
}
`;

snapshot[`Build a mdx site 2`] = `[]`;

snapshot[`Build a mdx site 3`] = `
[
  {
    content: '<!DOCTYPE html>
<header><h1>Hello world</h1><p>This is a description</p></header>
<h2>Hello world</h2>
<p>This is a markdown file with the title <strong>Hello world</strong>.</p>
<img src="https://via.placeholder.com/350x150" alt="foo"/>',
    data: {
      children: [
        "type",
        "props",
        "key",
        "ref",
        "__k",
        "__",
        "__b",
        "__e",
        "__d",
        "__c",
        "constructor",
        "__v",
        "__i",
        "__u",
        "__source",
        "__self",
        "toString",
      ],
      comp: [
        "_components",
        "_proxies",
      ],
      content: 'import Image from "./_includes/Image.tsx";

<comp.Header title={title} description={description}/>

## Hello world

This is a markdown file with the title **{ title }**.

<Image alt="foo" />
',
      date: [],
      description: "This is a description",
      mergedKeys: [
        "tags",
      ],
      page: [
        "src",
        "data",
      ],
      paginate: "paginate",
      search: [],
      tags: "Array(0)",
      title: "Hello world",
      url: "/",
    },
    src: {
      asset: undefined,
      ext: ".mdx",
      path: "/index",
      remote: undefined,
      slug: "index",
    },
  },
]
`;
